// Jest Snapshot v1, https://goo.gl/fbAQLP

exports[`CheckboxDropdown.vue matches snapshot 1`] = `
<div class="checkbox-dropdown"><button class="dropdown-button">Snapshot Test <span class="arrow"></span></button>
  <!--v-if-->
</div>
`;
