// Jest Snapshot v1, https://goo.gl/fbAQLP

exports[`HeadingComponent.vue matches snapshot 1`] = `<div class="heading">Snapshot Test</div>`;
