// Jest Snapshot v1, https://goo.gl/fbAQLP

exports[`PageHeader.vue matches snapshot 1`] = `<div data-id="heading" class="heading">Snapshot Test</div>`;
