// Jest Snapshot v1, https://goo.gl/fbAQLP

exports[`PrimaryButton.vue matches snapshot 1`] = `<div><button class="simple-button">Snapshot Test</button></div>`;
