// Jest Snapshot v1, https://goo.gl/fbAQLP

exports[`SearchBar.vue matches snapshot 1`] = `
<div class="search-bar">
  <div class="top-row">
    <div class="left-section"><button class="search-button"><img src="" alt="Search" class="search-icon"><span>Search</span><input class="search-input" placeholder="" style="display: none;"></button><button class="advanced-filter-button"><img src="" alt="Filter" class="filter-icon"> Advanced Filters </button></div>
    <div class="right-section"><button class="refresh-button"><img src="" alt="Refresh" class="refresh-icon"></button><button class="print-button"><img src="" alt="Print" class="print-icon"></button>
      <div class="export-excel"><button class="simple-button">Export to Excel</button></div>
      <div class="dropdown"><button class="dropdown-button">Bulk <span class="arrow"></span></button>
        <!--v-if-->
      </div>
      <div class="checkbox-dropdown"><button class="dropdown-button">Show/Hide Columns <span class="arrow"></span></button>
        <!--v-if-->
      </div>
    </div>
  </div>
  <div class="bottom-row">
    <div class="change-user-button"><button class="simple-button">Change Super User</button></div>
    <div class="add-new-button"><button class="simple-button">Add New</button></div>
  </div>
</div>
`;
