// Jest Snapshot v1, https://goo.gl/fbAQLP

exports[`SecondaryButton.vue matches snapshot 1`] = `<div><button class="secondary-button">Snapshot Test</button></div>`;
