// Jest Snapshot v1, https://goo.gl/fbAQLP

exports[`UserForm.vue matches snapshot 1`] = `
<div class="form-header" data-id="form-header">
  <div class="add-users">Add User</div>
  <div class="cancel"><button class="simple-button">Cancel</button></div>
</div>
<div class="form-container">
  <form>
    <!-- Basic Info Section -->
    <div class="section">
      <h2>Basic Info</h2>
      <div class="form-group"><label for="firstName">First Name*</label><input id="firstName" name="firstName" type="text" placeholder="Enter first name" data-id="firstName" class="full-width-input">
        <!---->
      </div>
      <div class="form-group"><label for="lastName">Last Name*</label><input id="lastName" name="lastName" type="text" placeholder="Enter last name" data-id="lastName" class="full-width-input">
        <!---->
      </div>
      <div class="form-group"><label for="username">Username*</label><input id="username" name="username" type="text" placeholder="Enter username" data-id="username" class="full-width-input">
        <!---->
      </div>
      <div class="form-group"><label for="email">Email*</label><input id="email" name="email" type="email" placeholder="Enter email" data-id="email" class="full-width-input">
        <!---->
      </div>
      <div class="form-group"><label for="confirmEmail">Confirm Email*</label><input id="confirmEmail" name="confirmEmail" type="email" placeholder="Confirm email" data-id="confirmEmail" class="full-width-input">
        <!---->
      </div>
      <div class="form-group"><label for="password">Password*</label><input id="password" name="password" type="password" placeholder="Enter password for user" data-id="password" class="full-width-input">
        <!---->
      </div>
      <div class="form-group"><label for="confirmPassword">Confirm Password*</label><input id="confirmPassword" name="confirmPassword" type="password" placeholder="Enter confirm password for user" data-id="confirmPassword" class="full-width-input">
        <!---->
      </div><!-- Select Group(s) Dropdown -->
      <div class="form-group"><label for="groups">Select Group(s)</label><input as="select" name="groups" data-id="groups" id="groups" class="select-group">
        <!---->
      </div>
    </div>
    <div class="divider"><span></span></div><!-- Settings and Permissions Section -->
    <div class="section">
      <h2>Settings and Permissions</h2>
      <div class="user-type"><input as="select" name="userType" data-id="userType" id="userType"></div>
      <!---->
    </div>
    <div class="section">
      <div class="form-group"><label><input name="permissions" type="checkbox" data-id="permission-serviceAnnouncements" value="serviceAnnouncements"> Update this user with important service announcements</label></div>
      <div class="form-group"><label><input name="permissions" type="checkbox" data-id="permission-webAccess" value="webAccess"> Allow web and mobile app access</label></div>
      <div class="form-group"><label><input name="permissions" type="checkbox" data-id="permission-sendEmail" value="sendEmail"> Send new user email</label></div>
      <div class="form-group"><label><input name="permissions" type="checkbox" data-id="permission-manageCallerId" value="manageCallerId"> Allow this user to set and block the Outbound Caller ID for their extension(s)</label></div>
      <div class="form-group"><label><input name="permissions" type="checkbox" data-id="permission-manageCallBlocking" value="manageCallBlocking"> Allow this user to manage Call Blocking for their extension(s)</label></div>
      <!---->
    </div>
    <div class="divider"><span></span></div><!-- Extensions Section -->
    <div class="section">
      <h2>Extensions</h2>
      <div class="form-group"><label><input type="radio" name="extensionOption" data-id="extension-assign" value="assign"> Assign an available extension</label></div>
      <div class="form-group"><label><input type="radio" name="extensionOption" data-id="extension-purchase" value="purchase"> Purchase a new extension</label></div>
      <div class="form-group"><label><input type="radio" name="extensionOption" data-id="extension-none" value="none"> User does not need an extension</label></div>
      <!---->
    </div>
    <!--v-if--><button type="submit" class="submit-btn">Submit</button>
  </form>
</div>
`;
